DO
LOOP
REPEAT
UNTIL FALSE
WHILE FALSE
WEND
PROCEDURE bla
  LOCAL c%
  IF FALSE
  ENDIF
RETURN
FUNCTION blub
  RETURN a%
  RETURN s$
ENDFUNC
SELECT a%
CASE 1
ENDSELECT
SELECT b$
ENDSELECT
SELECT c#
ENDSELECT
FOR b#=1 TO 10
  EXIT IF a&
NEXT a#
FOR a%=1 TO 10
NEXT a%
FOR a&=1 TO 10
NEXT a&
FOR a|=1 TO 10
NEXT a|
MONITOR
MONITOR i%
DO WHILE a%
LOOP
DO UNTIL a%
LOOP
DO
LOOP UNTIL a%
DO
LOOP WHILE b%
EXIT IF s$<>"" ! opcode 220
END
> PROCEDURE a
RETURN
DEFFN a=3
DEFFN b=4
GOTO a
xx
GOSUB xx
@xx
DO
  SELECT a%
  CASE 1
  CASE 2
  ENDSELECT
LOOP
DEFFN hello=3
x#=FN hello
hello:
GOTO hello
RESTORE
RESTORE hello
hello_word
GOSUB hello_world
@hello_world
LET x#=1
LET x$=""
LET x%=1
LET x!=1
LET x&=1
LET x|=1
LET x#(0)=1
LET x$(0)=""
LET x%(0)=1
LET x!(0)=1
LET x&(0)=1
LET x|=1
x#=1
x$=""
x%=1
x!=1
x&=1
x|=1
x#(0)=1
x$(0)=""
x%(0)=1
x!(0)=1
x&(0)=1
x|=1
PLOT 1,2
PSET 1,2,3
ALINE 1,2,3,4,5,6,7
HLINE 1,2,3,4,5,6,7
ARECT 1,2,3,4,5,6,7,8
APOLY 1,2,3 TO 1,2,3,4,5
ACHAR 1,2,3,4,5,6
ACLIP 1,2,3,4,5
COLOR 1
POKE 1,2
DPOKE 1,2
LPOKE 1,2
SPOKE 1,2
SDPOKE 1,2
SLPOKE 1,2
RESERVE
RESERVE 1
RESUME
RESUME NEXT
RESUME label
RESUME 1
RECORD #1,2
DELAY 1
BGET #1,2,3
BPUT #1,2,3
ATEXT 1,2,3,""
REM
REM hello
'
' hello
==>
==> hello
DATA
DATA 1,2
SWAP a#,b#
SWAP a#(),b#()
SWAP *a#,b#()
*a#=c#
*a#=c$
SINGLE{1}=1
END
LOCATE 1,2
ON ERROR
ON ERROR GOSUB hello
ON BREAK
ON BREAK CONT
ON BREAK GOSUB hello
ON MENU GOSUB hello
ON MENU MESSAGE GOSUB hello
ON MENU KEY GOSUB hello
ON MENU BUTTON 1,2,3 GOSUB hello
ON MENU
ON MENU 3
MENU m$()
MENU OFF
MENU KILL
TRON
TRON #1
TRON 1
TROFF
PRINT
PRINT 1
TEXT 1,2,3
TEXT 1,2,3,4
RCALL a%,reg%()
CALL a%
FORM INPUT 1,n$
FORM INPUT n# AS a$
LINE 1,2,3,4
INC x#
INC x%
INC x&
INC x|
INC x#(0)
INC x%(0)
INC x&(0)
INC x|(0)
DEC x#
DEC x%
DEC x&
DEC x|
DEC x#(0)
DEC x%(0)
DEC x&(0)
DEC x|(0)
ADD x#,1
ADD x%,1
ADD x&,1
ADD x|,1
ADD x#(0),1
ADD x%(0),1
ADD x&(0),1
ADD x|(0),1
SUB x#,1
SUB x%,1
SUB x&,1
SUB x|,1
SUB x#(0),1
SUB x%(0),1
SUB x&(0),1
SUB x|(0),1
MUL x#,1
MUL x%,1
MUL x&,1
MUL x|,1
MUL x#(0),1
MUL x%(0),1
MUL x&(0),1
MUL x|(0),1
DIV x#,1
DIV x%,1
DIV x&,1
DIV x|,1
DIV x#(0),1
DIV x%(0),1
DIV x&(0),1
DIV x|(0),1
SEEK #1,2
RELSEEK #1,2
DIM a%(10)
SETCOLOR 1,2
SETCOLOR 1,2,3,4
BMOVE 1,2,3
VDISYS
VDISYS 1
VDISYS 1,2,3
VDISYS 1,2,3,4
GEMSYS
GEMSYS 1
PTSIN(1)=1
PTSOUT(2)=1
INTIN(1)=1
INTOUT(1)=1
ADDRIN(0)=0
ADDROUT(0)=0
GINTIN(0)=0
GINTOUT(0)=0
CONTRL(0)=0
GCONTRL(0)=0
{0}=0
LONG{0}=0
INT{0}=0
CARD{0}=0
BYTE{0}=0
CHAR{0}=""
FLOAT{0}=0
DOUBLE{0}=0
ON MENU IBOX 1,2,3,4,5 GOSUB hello
ON MENU OBOX 1,2,3,4,5 GOSUB hello
VOID @hello
~@hello
OB_NEXT(1,2)=1
OB_HEAD(1,2)=1
OB_TAIL(1,2)=1
OB_TYPE(1,2)=1
OB_FLAGS(1,2)=0
OB_STATE(1,2)=0
OB_SPEC(1,2)=0
OB_X(1,2)=0
OB_Y(1,2)=0
OB_W(1,2)=0
OB_H(1,2)=0
ABSOLUTE v%,a%
.com
RANDOMIZE
RANDOMIZE n#
ALERT 1,"",2,"",n%
GET 1,2,3,4,s$
GET #1
GET #1,2
PUT 1,2,s$
PUT 1,2,s$,3
PUT #1
PUT #1,2
OPEN "",#1,n$
OPEN "",#1,n$,100
OPENW 1
OPENW 1,2,3
OPENW #1,2,3,4,5,6
CLOSE
CLOSE #1
CLOSEW 1
CLOSEW #1
CLEAR
CLEARW 1
CLEARW #1
TOPW #1
TITLEW #1,""
INFOW #1,""
DEFLINE
DEFLINE 1
GRAPHMODE 1
DEFMOUSE 1
DEFMOUSE s$
DEFLIST 1
DEFMARK
DEFMARK 1
defnum
DEFNUM 1
DEFTEXT
DEFTEXT 1
DEFFILL
DEFFILL 1,2,3
DEFFILL 1,s$
BOX 1,2,3,4
PBOX 1,2,3,4
RBOX 1,2,3,4
PRBOX 1,2,3,4
CIRCLE 1,2,3
CIRCLE 1,2,3,4,5
PCIRCLE 1,2,3
PCIRCLE 1,2,3,4,5
ELLIPSE 1,2,3,4
ELLIPSE 1,2,3,4,5,6
PELLIPSE 1,2,3,4
PELLIPSE 1,2,3,4,5,6
ERROR 1
FILL 1,2
FILL 1,2,3
HIDEM
LPRINT
LPRINT 1
LSET a$=b$
MID$(a$,3)=""
NEW
OUT 1,2
OUT #1,2
QUIT
QUIT 1
CHDIR ""
CHDRIVE 1
CHDRIVE s$
clr
CLS
CLS #1
CONT
DIR
DIR ""
HTAB 1
VTAB 1
ERASE a#()
EXEC 1,"","",""
FIELD #1,3 AS a$
FIELD #1,3 AT(x#)
FILES
FILES "1"
TOUCH #1
EDIT
FILESELECT a$,b$,c$
FILESELECT #"","","",s$
NAME "1" AS ""
MKDIR ""
MOUSE mx#,my#,mk#
KILL ""
RMDIR ""
RSET a$=b$
SETTIME "1","2"
SGET s$
SHOWM
SPUT s$
STOP
SYSTEM
SYSTEM 1
VSYNC
HARDCOPY
PAUSE 1
QSORT a#()
SSORT a#()
POLYLINE 1,x#(),y#()
POLYFILL 1,x#(),y#()
POLYMARK 1,x#(),y#()
INSERT x#(1)=y#
DELETE x#(1)
RENAME "a" AS "b"
STICK 1
SOUND
SOUND 1,2
WAVE
WAVE 1
CLIP OFF
CLIP #1
CLIP 1,2,3,4
CLIP 1,2 TO 3,4
CLIP  OFFSET 1,2
FULLW 1
FULLW #1
EVERY 1 GOSUB stop
EVERY STOP
EVERY  CONT
AFTER 1 GOSUB stop
AFTER STOP
AFTER  CONT
INPUT x#
INPUT #1,x#
DRAW 1,2
DRAW 1,2 TO 3,4
READ x#
READ x$
SETMOUSE 1,2
KEYPAD 1
KEYTEST n#
KEYGET n#
KEYLOOK n#
KEYPRESS n#
KEYDEF 1,""
DEFINT ""
DEFFLT ""
DEFBYT ""
DEFWRD ""
DEFBIT ""
DEFSTR ""
DEFFLT ""
BOUNDARY 1
LIST ""
LLIST ""
SAVE ""
PSAVE ""
CHAIN ""
RUN
RUN "hello"
LOAD ""
SETDRAW 1,2,3
ARRAYFILL a#(),0
DUMP
DUMP "1"
DUMP "a" TO "b"
BITBLT s%(),d%(),par%()
STORE #1,x$()
RECALL #1,x$(),n#,x#
RECALL #1,x$(),n# TO m#,x#
BSAVE s$,1,2
BLOAD s$
BLOAD s$,3
V~H=1
TIME$=""
DATE$=""
SPRITE s$
OPTION BASE 0
$
$ no such command
WINDTAB(0,0)=0
RC_COPY 1,2,3,4,5 TO 1,2,3
MODE 1
WRITE 1
INLINE sa%,12
WORD{3}=0
VSETCOLOR 1,2,3,4
VSETCOLOR 1,2
OUT& 1,2
OUT& #n#,2
OUT% 1,2
OUT% #1,2
CURVE 1,2,3,4,5,6,7,8
_DATA= 0
MAT ADD a#()=b#()+c#()
MAT ADD a#(),b#()
MAT ADD a#(),1
MAT SUB a#(),b#()
MAT SUB a#(),x#
MAT CPY a#()=b#()
MAT XCPY a#()=b#()
MAT DET x#=a#()
MAT NEG a#()
MAT ABS a#()
MAT NORM a#(),0
MAT READ a#()
MAT PRINT a#()
MAT TRANS a#()
MAT CLR a#()
MAT SET a#()=1
MAT ONE a#()
MAT BASE 0
MAT QDET x#=a#()
MAT INPUT a#()
MAT RANG x#=a#()
MAT MUL a#()=b#()*c#()
MAT MUL x#=a#()*b#()
MAT MUL x#=a#()*b#()*c#()
MAT MUL a#(),x#
MAT INV a#()=b#()
> FUNCTION a
ENDFUNC
DMASOUND 1,2,3
DMACONTROL 1
MW_OUT 1,2
'
' below are new in 3.7 (GBE)
'
SET.MFDB 1,2,3,4,5,6
SET.PXYWH 1,2,3,4,5,6
BZERO 1,2
BFILL 1,2,3
BXLATE 1,2,s$
BEEP
GHIDEM
GSHOWM
GMOUSE x#,y#,k#
VCURVE 1,2,3,4,5,6,7,8
VRC_COPY 1,2,3,4,5 TO 1,2,3
VGET 1,2,3,4,5
VPLOT 1,2
AVERAGE_RGB 1,2,3,4,5,6,r#,g#,b#
AMOUSE a%
VLINE 1,2,3,4
CPUFLUSH
BCRYPT 1,2,s$
GSTICK 1
VSGET a%
VSPUT a%
VCLS
VCLS 1
VPALGET a%
VPALSET a%
LOG_MSG ""
LOG_SET 1
LOG_FILE ""
LOG_KILL
SET.PXYXY 1,2,3,4,5,6,7,8
VBOX 1,2,3,4
TBITBLT 1,2,3
SCALL a%
VPUT 1,2,3
VPUT 1,2,3,4
STRPOKE 1,s$
SET.SOCKADDR_IN 1,2,3,4
TPUT 1,2,"",""
SNDH 1,2,3
MEMSWAP& a%,b%
MEMSWAP% a%,b%
MEMFILL& a%,1,2
MEMFILL% a%,1,2
PALGET a%
PALSET a%
OB.STATE(a#,b#,0)=TRUE
OB.FLAGS(a#,b#,0)=FALSE
SBYTE{1}=0
C2P 1,2,3,4
SET.SXYWH 1,2,3,4
SET.DXYWH 1,2,3,4
OB_RADIO(1,2,3)=0
OB_TEXT$(1,2)=""
WARMBOOT
JOYPAD 1
SLEEP
SLEEP 1
MEMZERO& 1,2
MEMZERO% 1,2
SET.SXYXY 1,2,3,4
SET.DXYXY 1,2,3,4
SET.RXYWH 1,2,3,4,5,6,7,8
ENDSEEK #1,2
SET.GCBITMAP 1,2,3,4,5,6,7
MEMAND 1,2,3
MEMOR 1,2,3
MEMXOR 1,2,3
MEMBSET| 1,2
MEMBSET& 1,2
MEMBSET% 1,2
MEMBCLR| 1,2
MEMBCLR& 1,2
MEMBCLR% 1,2
MEMBCHG| 1,2
MEMBCHG& 1,2
MEMBCHG% 1,2
SCREEN 1
BREPLACE 1,2,3,4
RGB 1,2,r#,g#,b#
STRARRAYFILL a$(),""
ENVIRON 1,s$
MEMREPLACE& 1,2,3,4
MEMREPLACE% 1,2,3,4
SET.MENU 1,2,3,4,5,6
WAITVBL
COLDBOOT
BMIRROR 1,2
MEMMIRROR& 1,2
MEMMIRROR% 1,2
MEMMIRROR3 1,2
MEMEXG& 1,2,3
MEMEXG% 1,2,2
_0=0
_1=0
_2=0
_3=0
_4=0
_5=0
_6=0
_7=0
_8=0
_9=0
OB_SELECTED(1,2)=0
OB_CROSSED(1,2)=0
OB_CHECKED(1,2)=0
OB_DISABLED(1,2)=0
OB_OUTLINED(1,2)=0
OB_SHADOWED(1,2)=0
OB_WHITEBAK(1,2)=0
OB_SELECTABLE(1,2)=0
OB_DEFAULT(1,2)=0
OB_EXIT(1,2)=0
OB_EDITABLE(1,2)=0
OB_RBUTTON(1,2)=0
OB_LASTOB(1,2)=0
OB_TOUCHEXIT(1,2)=0
OB_HIDETREE(1,2)=0
OB_INDIRECT(1,2)=0
OB_FL3DIND(1,2)=0
OB_FL3DACT(1,2)=0
OB_SUBMENU(1,2)=0
OB_FL3DBAK(1,2)=0
BF_OBSPEC(1,2)=0
BF_CHARACTER(1,2)=0
BF_FRAMESIZE(1,2)=0
BF_FRAMECOL(1,2)=0
BF_TEXTCOL(1,2)=0
BF_TEXTMODE(1,2)=0
BF_FILLPATTERN(1,2)=0
BF_INTERIORCOL(1,2)=0
BI_PDATA(1,2)=0
BI_WB(1,2)=0
BI_HL(1,2)=0
BI_X(1,2)=0
BI_Y(1,2)=0
BI_COLOR(1,2)=0
UB_CODE(1,2)=0
UB_PARM(1,2)=0
TE_PTEXT(1,2)=0
TE_PTMPLT(1,2)=0
TE_PVALID(1,2)=0
TE_FONT(1,2)=0
TE_FONTID(1,2)=0
TE_JUST(1,2)=0
TE_COLOR(1,2)=0
TE_FONTSIZE(1,2)=0
TE_THICKNESS(1,2)=0
TE_TXTLEN(1,2)=0
TE_TMPLEN(1,2)=0
TE_FRAMECOL(1,2)=0
TE_TEXTCOL(1,2)=0
TE_TEXTMODE(1,2)=0
TE_FILLPATTERN(1,2)=0
TE_INTERIORCOL(1,2)=0
IB_PMASK(1,2)=0
IB_PDATA(1,2)=0
IB_PTEXT(1,2)=0
IB_CHAR(1,2)=0
IB_XCHAR(1,2)=0
IB_YCHAR(1,2)=0
IB_XICON(1,2)=0
IB_YICON(1,2)=0
IB_WICON(1,2)=0
IB_HICON(1,2)=0
IB_XTEXT(1,2)=0
IB_YTEXT(1,2)=0
IB_WTEXT(1,2)=0
IB_HTEXT(1,2)=0
IB_FCOLOR(1,2)=0
IB_BCOLOR(1,2)=0
IB_LETTER(1,2)=0
CI_MAINLIST(1,2)=0
CI_NUM_PLANES(1,2)=0
CI_COL_DATA(1,2)=0
CI_COL_MASK(1,2)=0
CI_SEL_DATA(1,2)=0
CI_SEL_MASK(1,2)=0
CI_NEXT_RES(1,2)=0
BEXG 1,2,3
